// Jest Snapshot v1, https://goo.gl/fbAQLP

exports[`Visualize should match snapshot 1`] = `
<div>
  <div
    class="container"
  >
    <header>
      Compliance rates for medicines:
       
       from 
      2022-12-01
       to 
      2022-12-02
    </header>
    <div
      data-testid="chart"
      style="height: 100%; width: 100%; flex: 1;"
    >
      <div
        class="recharts-responsive-container"
        style="width: 100%; height: 100%;"
      />
    </div>
  </div>
</div>
`;
